// Jest Snapshot v1, https://goo.gl/fbAQLP

exports[`<RegisterPage /> should render the register component 1`] = `ShallowWrapper {}`;
